// Jest Snapshot v1, https://goo.gl/fbAQLP

exports[`Pruebas en <GifGrid /> debe de cargar correctamente 1`] = `
<Fragment>
  <h3
    className="animate__animated animate__fadeIn"
  >
    Goku
  </h3>
  <p>
    Loading....
  </p>
  <div
    className="card-grid"
  />
</Fragment>
`;
